// Jest Snapshot v1, https://goo.gl/fbAQLP

exports[`Tests for ORD document generated out of mocked csn files Tests for ORD document when .cdsrc.json has no \`ord\` property Successfully create ORD Documents with no \`ord\` in .cdsrc.json 1`] = `
{
  "$schema": "https://open-resource-discovery.github.io/specification/spec-v1/interfaces/Document.schema.json",
  "apiResources": [
    {
      "apiProtocol": "odata-v4",
      "description": "Description for AdminService",
      "entityTypeMappings": {
        "entityTypeTargets": [
          {
            "ordId": "sap.odm:entityType:test-from-extension:v1",
          },
        ],
      },
      "entryPoints": [
        "/odata/v4/admin",
      ],
      "exposedEntityTypes": [
        {
          "ordId": "sap.odm:entityType:odm.bookshop.Authors:v1",
        },
      ],
      "extensible": {
        "supported": "yes",
      },
      "lastUpdate": "2024-11-04T14:33:25+01:00",
      "ordId": "customer.capirebookshopordsample:apiResource:AdminService:v1",
      "partOfGroups": [
        "sap.cds:service:customer.capirebookshopordsample:AdminService",
      ],
      "partOfPackage": "customer.capirebookshopordsample:package:capirebookshopordsample:v1",
      "releaseStatus": "active",
      "resourceDefinitions": [
        {
          "accessStrategies": [
            {
              "type": "open",
            },
          ],
          "mediaType": "application/json",
          "type": "openapi-v3",
          "url": "/ord/v1/customer.capirebookshopordsample:apiResource:AdminService:v1/AdminService.oas3.json",
        },
        {
          "accessStrategies": [
            {
              "type": "open",
            },
          ],
          "mediaType": "application/xml",
          "type": "edmx",
          "url": "/ord/v1/customer.capirebookshopordsample:apiResource:AdminService:v1/AdminService.edmx",
        },
      ],
      "shortDescription": "short description for test AdminService",
      "title": "This is test AdminService title",
      "version": "2.0.0",
      "visibility": "public",
    },
    {
      "apiProtocol": "odata-v4",
      "description": "Description for CatalogService",
      "entryPoints": [
        "/browse",
      ],
      "extensible": {
        "supported": "yes",
      },
      "lastUpdate": "2024-11-04T14:33:25+01:00",
      "ordId": "customer.capirebookshopordsample:apiResource:CatalogService:v1",
      "partOfGroups": [
        "sap.cds:service:customer.capirebookshopordsample:CatalogService",
      ],
      "partOfPackage": "customer.capirebookshopordsample:package:capirebookshopordsample:v1",
      "releaseStatus": "active",
      "resourceDefinitions": [
        {
          "accessStrategies": [
            {
              "type": "open",
            },
          ],
          "mediaType": "application/json",
          "type": "openapi-v3",
          "url": "/ord/v1/customer.capirebookshopordsample:apiResource:CatalogService:v1/CatalogService.oas3.json",
        },
        {
          "accessStrategies": [
            {
              "type": "open",
            },
          ],
          "mediaType": "application/xml",
          "type": "edmx",
          "url": "/ord/v1/customer.capirebookshopordsample:apiResource:CatalogService:v1/CatalogService.edmx",
        },
      ],
      "shortDescription": "short description for test CatalogService",
      "title": "This is test Catalog Service title",
      "version": "2.0.0",
      "visibility": "public",
    },
    {
      "apiProtocol": "odata-v4",
      "description": "Description for CinemaService",
      "entryPoints": [
        "/browse",
      ],
      "extensible": {
        "supported": "yes",
      },
      "lastUpdate": "2024-11-04T14:33:25+01:00",
      "ordId": "customer.capirebookshopordsample:apiResource:CinemaService:v1",
      "partOfGroups": [
        "sap.cds:service:customer.capirebookshopordsample:CinemaService",
      ],
      "partOfPackage": "customer.capirebookshopordsample:package:capirebookshopordsample:v1",
      "releaseStatus": "active",
      "resourceDefinitions": [
        {
          "accessStrategies": [
            {
              "type": "open",
            },
          ],
          "mediaType": "application/json",
          "type": "openapi-v3",
          "url": "/ord/v1/customer.capirebookshopordsample:apiResource:CinemaService:v1/CinemaService.oas3.json",
        },
        {
          "accessStrategies": [
            {
              "type": "open",
            },
          ],
          "mediaType": "application/xml",
          "type": "edmx",
          "url": "/ord/v1/customer.capirebookshopordsample:apiResource:CinemaService:v1/CinemaService.edmx",
        },
      ],
      "shortDescription": "short description for test CinemaService",
      "title": "This is test Cinema Service title",
      "version": "1.0.0",
      "visibility": "public",
    },
  ],
  "consumptionBundles": [
    {
      "description": "This Consumption Bundle contains all resources of the reference app which are unprotected and do not require authentication",
      "lastUpdate": "2024-11-04T14:33:25+01:00",
      "ordId": "capirebookshopordsample:consumptionBundle:noAuth:v1",
      "shortDescription": "If we have another protected API then it will be another object",
      "title": "Unprotected resources",
      "version": "1.0.0",
    },
  ],
  "description": "this is an application description",
  "eventResources": [
    {
      "description": "CAP Event resource describing events / messages.",
      "entityTypeMappings": {
        "entityTypeTargets": [
          {
            "ordId": "sap.odm:entityType:test-from-extension:v1",
          },
        ],
      },
      "exposedEntityTypes": [
        {
          "ordId": "sap.odm:entityType:odm.bookshop.Authors:v1",
        },
      ],
      "extensible": {
        "supported": "yes",
      },
      "lastUpdate": "2024-11-04T14:33:25+01:00",
      "ordId": "customer.capirebookshopordsample:eventResource:AdminService:v1",
      "partOfGroups": [
        "sap.cds:service:customer.capirebookshopordsample:AdminService",
      ],
      "partOfPackage": "customer.capirebookshopordsample:package:capirebookshopordsample:v1",
      "releaseStatus": "active",
      "resourceDefinitions": [
        {
          "accessStrategies": [
            {
              "type": "open",
            },
          ],
          "mediaType": "application/json",
          "type": "asyncapi-v2",
          "url": "/ord/v1/customer.capirebookshopordsample:eventResource:AdminService:v1/AdminService.asyncapi2.json",
        },
      ],
      "shortDescription": "short description for test AdminService",
      "title": "This is test AdminService title",
      "version": "2.0.0",
      "visibility": "public",
    },
    {
      "description": "CAP Event resource describing events / messages.",
      "extensible": {
        "supported": "yes",
      },
      "lastUpdate": "2024-11-04T14:33:25+01:00",
      "ordId": "customer.capirebookshopordsample:eventResource:CatalogService:v1",
      "partOfGroups": [
        "sap.cds:service:customer.capirebookshopordsample:CatalogService",
      ],
      "partOfPackage": "customer.capirebookshopordsample:package:capirebookshopordsample:v1",
      "releaseStatus": "active",
      "resourceDefinitions": [
        {
          "accessStrategies": [
            {
              "type": "open",
            },
          ],
          "mediaType": "application/json",
          "type": "asyncapi-v2",
          "url": "/ord/v1/customer.capirebookshopordsample:eventResource:CatalogService:v1/CatalogService.asyncapi2.json",
        },
      ],
      "shortDescription": "short description for test CatalogService",
      "title": "This is test Catalog Service title",
      "version": "2.0.0",
      "visibility": "public",
    },
    {
      "description": "CAP Event resource describing events / messages.",
      "extensible": {
        "supported": "yes",
      },
      "lastUpdate": "2024-11-04T14:33:25+01:00",
      "ordId": "customer.capirebookshopordsample:eventResource:CinemaService:v1",
      "partOfGroups": [
        "sap.cds:service:customer.capirebookshopordsample:CinemaService",
      ],
      "partOfPackage": "customer.capirebookshopordsample:package:capirebookshopordsample:v1",
      "releaseStatus": "active",
      "resourceDefinitions": [
        {
          "accessStrategies": [
            {
              "type": "open",
            },
          ],
          "mediaType": "application/json",
          "type": "asyncapi-v2",
          "url": "/ord/v1/customer.capirebookshopordsample:eventResource:CinemaService:v1/CinemaService.asyncapi2.json",
        },
      ],
      "shortDescription": "short description for test CinemaService",
      "title": "This is test Cinema Service title",
      "version": "1.0.0",
      "visibility": "public",
    },
  ],
  "groups": [
    {
      "groupId": "sap.cds:service:customer.capirebookshopordsample:AdminService",
      "groupTypeId": "sap.cds:service",
      "title": "This is test AdminService title",
    },
    {
      "groupId": "sap.cds:service:customer.capirebookshopordsample:CatalogService",
      "groupTypeId": "sap.cds:service",
      "title": "This is test Catalog Service title",
    },
    {
      "groupId": "sap.cds:service:customer.capirebookshopordsample:CinemaService",
      "groupTypeId": "sap.cds:service",
      "title": "This is test Cinema Service title",
    },
  ],
  "openResourceDiscovery": "1.9",
  "packages": [
    {
      "description": "This package contains public General for capire bookshop ord sample.",
      "ordId": "customer.capirebookshopordsample:package:capirebookshopordsample:v1",
      "partOfProducts": [
        "customer:product:capire.bookshop.ord.sample:",
      ],
      "shortDescription": "Package containing public General",
      "title": "capire bookshop ord sample",
      "vendor": "customer:vendor:Customer:",
      "version": "1.0.0",
    },
  ],
  "policyLevels": [
    "none",
  ],
  "products": [
    {
      "ordId": "customer:product:capire.bookshop.ord.sample:",
      "shortDescription": "Short description of capire bookshop ord sample",
      "title": "capire bookshop ord sample",
      "vendor": "customer:vendor:Customer:",
    },
  ],
}
`;

exports[`Tests for ORD document generated out of mocked csn files Tests for ORD document when there no events or entities in service definitions Successfully create ORD Document: no entityTypeMappings field in apiResource 1`] = `
{
  "$schema": "https://open-resource-discovery.github.io/specification/spec-v1/interfaces/Document.schema.json",
  "apiResources": [
    {
      "apiProtocol": "odata-v4",
      "description": "Description for EbMtEmitter",
      "entryPoints": [
        "/odata/v4/eb-mt-emitter",
      ],
      "extensible": {
        "supported": "no",
      },
      "lastUpdate": "2024-11-04T14:33:25+01:00",
      "ordId": "customer.capirebookshopordsample:apiResource:EbMtEmitter:v1",
      "partOfGroups": [
        "sap.cds:service:customer.capirebookshopordsample:EbMtEmitter",
      ],
      "partOfPackage": "customer.capirebookshopordsample:package:capirebookshopordsample:v1",
      "releaseStatus": "active",
      "resourceDefinitions": [
        {
          "accessStrategies": [
            {
              "type": "open",
            },
          ],
          "mediaType": "application/json",
          "type": "openapi-v3",
          "url": "/ord/v1/customer.capirebookshopordsample:apiResource:EbMtEmitter:v1/EbMtEmitter.oas3.json",
        },
        {
          "accessStrategies": [
            {
              "type": "open",
            },
          ],
          "mediaType": "application/xml",
          "type": "edmx",
          "url": "/ord/v1/customer.capirebookshopordsample:apiResource:EbMtEmitter:v1/EbMtEmitter.edmx",
        },
      ],
      "shortDescription": "Short description of EbMtEmitter",
      "title": "EbMtEmitter",
      "version": "1.0.0",
      "visibility": "public",
    },
  ],
  "consumptionBundles": [
    {
      "description": "This Consumption Bundle contains all resources of the reference app which are unprotected and do not require authentication",
      "lastUpdate": "2024-11-04T14:33:25+01:00",
      "ordId": "capirebookshopordsample:consumptionBundle:noAuth:v1",
      "shortDescription": "If we have another protected API then it will be another object",
      "title": "Unprotected resources",
      "version": "1.0.0",
    },
  ],
  "description": "this is an application description",
  "eventResources": [
    {
      "description": "CAP Event resource describing events / messages.",
      "extensible": {
        "supported": "no",
      },
      "lastUpdate": "2024-11-04T14:33:25+01:00",
      "ordId": "customer.capirebookshopordsample:eventResource:EbMtEmitter:v1",
      "partOfGroups": [
        "sap.cds:service:customer.capirebookshopordsample:EbMtEmitter",
      ],
      "partOfPackage": "customer.capirebookshopordsample:package:capirebookshopordsample:v1",
      "releaseStatus": "active",
      "resourceDefinitions": [
        {
          "accessStrategies": [
            {
              "type": "open",
            },
          ],
          "mediaType": "application/json",
          "type": "asyncapi-v2",
          "url": "/ord/v1/customer.capirebookshopordsample:eventResource:EbMtEmitter:v1/EbMtEmitter.asyncapi2.json",
        },
      ],
      "shortDescription": "EbMtEmitter event resource",
      "title": "ODM capirebookshopordsample Events",
      "version": "1.0.0",
      "visibility": "public",
    },
  ],
  "groups": [
    {
      "groupId": "sap.cds:service:customer.capirebookshopordsample:EbMtEmitter",
      "groupTypeId": "sap.cds:service",
      "title": "EbMtEmitter Service",
    },
  ],
  "openResourceDiscovery": "1.9",
  "packages": [
    {
      "description": "This package contains public General for capire bookshop ord sample.",
      "ordId": "customer.capirebookshopordsample:package:capirebookshopordsample:v1",
      "partOfProducts": [
        "customer:product:capire.bookshop.ord.sample:",
      ],
      "shortDescription": "Package containing public General",
      "title": "capire bookshop ord sample",
      "vendor": "customer:vendor:Customer:",
      "version": "1.0.0",
    },
  ],
  "policyLevels": [
    "none",
  ],
  "products": [
    {
      "ordId": "customer:product:capire.bookshop.ord.sample:",
      "shortDescription": "Short description of capire bookshop ord sample",
      "title": "capire bookshop ord sample",
      "vendor": "customer:vendor:Customer:",
    },
  ],
}
`;
